---
source: tests/tests.rs
expression: struct_
---
This is a custom debug repr
