---
source: tests/tests.rs
expression: custom
---
This is a custom debug repr
