---
source: tests/tests.rs
expression: global_ignore
info:
  - ~
  - ~
---
GlobalIgnore(
    _,
    _,
)
