---
source: tests/tests.rs
expression: unit
---
Unit
