---
source: tests/tests.rs
expression: basic
info:
  default: false
  not_default: true
---
Basic {
    not_default: true,
    ..
}
